TYPE SIGNATURES
  addAndOr5 :: (Int, Bool) -> (Bool, Int) -> (Int, Bool)
TYPE CONSTRUCTORS
COERCION AXIOMS
Dependent modules: []
Dependent packages: [base-4.8.0.0, ghc-prim-0.3.1.0,
                     integer-gmp-1.0.0.0]

AddAndOr5.hs:4:15: Warning:
    Found hole ‘_’ with type: Int
    In the type signature for ‘addAndOr5’: (_, _) -> (_, _) -> (_, _)

AddAndOr5.hs:4:18: Warning:
    Found hole ‘_’ with type: Bool
    In the type signature for ‘addAndOr5’: (_, _) -> (_, _) -> (_, _)

AddAndOr5.hs:4:25: Warning:
    Found hole ‘_’ with type: Bool
    In the type signature for ‘addAndOr5’: (_, _) -> (_, _) -> (_, _)

AddAndOr5.hs:4:28: Warning:
    Found hole ‘_’ with type: Int
    In the type signature for ‘addAndOr5’: (_, _) -> (_, _) -> (_, _)

AddAndOr5.hs:4:35: Warning:
    Found hole ‘_’ with type: Int
    In the type signature for ‘addAndOr5’: (_, _) -> (_, _) -> (_, _)

AddAndOr5.hs:4:38: Warning:
    Found hole ‘_’ with type: Bool
    In the type signature for ‘addAndOr5’: (_, _) -> (_, _) -> (_, _)
