TYPE SIGNATURES
  bravo :: Integer
TYPE CONSTRUCTORS
COERCION AXIOMS
Dependent modules: []
Dependent packages: [base-4.8.0.0, ghc-prim-0.3.1.0,
                     integer-gmp-1.0.0.0]

Defaulting2MROn.hs:5:10: Warning:
    Found hole ‘_’ with inferred constraints: ()
    In the type signature for ‘bravo’: _ => _

Defaulting2MROn.hs:5:15: Warning:
    Found hole ‘_’ with type: Integer
    In the type signature for ‘bravo’: _ => _
