TYPE SIGNATURES
  barry :: forall w_a. w_a -> (Either [Char] w_a, Either [Char] w_a)
TYPE CONSTRUCTORS
COERCION AXIOMS
Dependent modules: []
Dependent packages: [base-4.8.0.0, ghc-prim-0.3.1.0,
                     integer-gmp-1.0.0.0]

Either.hs:4:10: Warning:
    Found hole ‘_a’ with type: w_a
    Where: ‘w_a’ is a rigid type variable bound by
                 the inferred type of
                 barry :: w_a -> (Either [Char] w_a, Either [Char] w_a)
                 at Either.hs:5:1
    In the type signature for ‘barry’: _a -> (_b _a, _b _)

Either.hs:4:17: Warning:
    Found hole ‘_b’ with type: Either [Char]
    In the type signature for ‘barry’: _a -> (_b _a, _b _)

Either.hs:4:27: Warning:
    Found hole ‘_’ with type: w_a
    Where: ‘w_a’ is a rigid type variable bound by
                 the inferred type of
                 barry :: w_a -> (Either [Char] w_a, Either [Char] w_a)
                 at Either.hs:5:1
    In the type signature for ‘barry’: _a -> (_b _a, _b _)
