TYPE SIGNATURES
  fall :: forall a. a -> a
TYPE CONSTRUCTORS
COERCION AXIOMS
Dependent modules: []
Dependent packages: [base-4.8.0.0, ghc-prim-0.3.1.0,
                     integer-gmp-1.0.0.0]

Forall1.hs:4:19: Warning:
    Found hole ‘_’ with type: a
    Where: ‘a’ is a rigid type variable bound by
               the inferred type of fall :: a -> a at Forall1.hs:4:16
    In the type signature for ‘fall’: _ -> a
