TYPE SIGNATURES
  foo :: (forall a. [a] -> [a]) -> ([Bool], [Char])
TYPE CONSTRUCTORS
COERCION AXIOMS
Dependent modules: []
Dependent packages: [base-4.8.0.0, ghc-prim-0.3.1.0,
                     integer-gmp-1.0.0.0]

HigherRank1.hs:4:34: Warning:
    Found hole ‘_’ with type: ([Bool], [Char])
    In the type signature for ‘foo’: (forall a. [a] -> [a]) -> _
