TYPE SIGNATURES
  isMeltdown :: forall param1 param2. NukeMonad param1 param2 Bool
  unlessMeltdown ::
    forall param1 param2.
    NukeMonad param1 param2 () -> NukeMonad param1 param2 ()
TYPE CONSTRUCTORS
  type role NukeMonad phantom phantom phantom
  data NukeMonad a b c
    Promotable
COERCION AXIOMS
INSTANCES
  instance Functor (NukeMonad a b) -- Defined at Meltdown.hs:8:10
  instance Applicative (NukeMonad a b)
    -- Defined at Meltdown.hs:11:10
  instance Monad (NukeMonad a b) -- Defined at Meltdown.hs:15:10
Dependent modules: []
Dependent packages: [base-4.8.0.0, ghc-prim-0.3.1.0,
                     integer-gmp-1.0.0.0]

Meltdown.hs:23:19: Warning:
    Found hole ‘_nm’ with type: NukeMonad param1 param2
    Where: ‘param1’ is a rigid type variable bound by
                    the inferred type of
                    unlessMeltdown :: NukeMonad param1 param2 ()
                                      -> NukeMonad param1 param2 ()
                    at Meltdown.hs:24:1
           ‘param2’ is a rigid type variable bound by
                    the inferred type of
                    unlessMeltdown :: NukeMonad param1 param2 ()
                                      -> NukeMonad param1 param2 ()
                    at Meltdown.hs:24:1
    In the type signature for ‘unlessMeltdown’: _nm () -> _nm ()
