TYPE SIGNATURES
  f :: Bool
  g :: Bool
  orr :: forall a. a -> a -> a
TYPE CONSTRUCTORS
COERCION AXIOMS
Dependent modules: []
Dependent packages: [base-4.8.0.0, ghc-prim-0.3.1.0,
                     integer-gmp-1.0.0.0]

Recursive.hs:7:6: Warning:
    Found hole ‘_’ with type: Bool
    In the type signature for ‘g’: _

Recursive.hs:10:6: Warning:
    Found hole ‘_’ with type: Bool
    In the type signature for ‘f’: _
