TYPE SIGNATURES
  somethingShowable :: Bool -> String
TYPE CONSTRUCTORS
COERCION AXIOMS
Dependent modules: []
Dependent packages: [base-4.8.0.0, ghc-prim-0.3.1.0,
                     integer-gmp-1.0.0.0]

SomethingShowable.hs:4:27: Warning:
    Found hole ‘_x’ with type: Bool
    In the type signature for ‘somethingShowable’: Show _x => _x -> _

SomethingShowable.hs:4:39: Warning:
    Found hole ‘_’ with type: String
    In the type signature for ‘somethingShowable’: Show _x => _x -> _
