
Roles6.hs:10:6: error:
    • Explicit dictionary application to: ‘Ord Int’
      is not allowed because the instance incoherence check
      requires type-variable arguments
    • In the expression:
        (undefined :: Ord Int => Int -> [Int] -> [Int])
          ((reverseOrd @Int :: Ord Int))
      In an equation for ‘f6’:
          f6
            = (undefined :: Ord Int => Int -> [Int] -> [Int])
                ((reverseOrd @Int :: Ord Int))
